[debug] [2026-08-14T07:59:29.794Z] ----------------------------------------------------------------------
[debug] [2026-08-14T07:59:29.796Z] Command:       C:\nvm4w\nodejs\node.exe C:\nvm4w\nodejs\node_modules\firebase-tools\lib\bin\firebase.js deploy --only firestore:rules --project wctlab-77e98
[debug] [2026-08-14T07:59:29.797Z] CLI Version:   15.27.0
[debug] [2026-08-14T07:59:29.797Z] Platform:      win32
[debug] [2026-08-14T07:59:29.797Z] Node Version:  v24.16.0
[debug] [2026-08-14T07:59:29.797Z] Detected Agent: codex_cli
[debug] [2026-08-14T07:59:29.797Z] Time:          Fri Aug 14 2026 14:59:29 GMT+0700 (Indochina Time)
[debug] [2026-08-14T07:59:29.797Z] ----------------------------------------------------------------------
[debug] 
[debug] [2026-08-14T08:00:02.345Z] > command requires scopes: ["email","openid","https://www.googleapis.com/auth/cloudplatformprojects.readonly","https://www.googleapis.com/auth/firebase","https://www.googleapis.com/auth/cloud-platform"]
[debug] [2026-08-14T08:00:02.345Z] > authorizing via signed-in user (chhievpeng@gmail.com)
[debug] [2026-08-14T08:00:02.345Z] [iam] checking project wctlab-77e98 for permissions ["datastore.indexes.create","datastore.indexes.delete","datastore.indexes.list","datastore.indexes.update","firebase.projects.get"]
[debug] [2026-08-14T08:00:02.354Z] Checked if tokens are valid: false, expires at: 1786695237248
[debug] [2026-08-14T08:00:02.354Z] Checked if tokens are valid: false, expires at: 1786695237248
[debug] [2026-08-14T08:00:02.354Z] > refreshing access token with scopes: []
[debug] [2026-08-14T08:00:02.355Z] >>> [apiv2][query] POST https://www.googleapis.com/oauth2/v3/token [none]
[debug] [2026-08-14T08:00:02.356Z] >>> [apiv2][body] POST https://www.googleapis.com/oauth2/v3/token [omitted]
[debug] [2026-08-14T08:00:03.269Z] <<< [apiv2][status] POST https://www.googleapis.com/oauth2/v3/token 200
[debug] [2026-08-14T08:00:03.269Z] <<< [apiv2][body] POST https://www.googleapis.com/oauth2/v3/token [omitted]
[debug] [2026-08-14T08:00:03.283Z] >>> [apiv2][query] POST https://cloudresourcemanager.googleapis.com/v1/projects/wctlab-77e98:testIamPermissions [none]
[debug] [2026-08-14T08:00:03.283Z] >>> [apiv2][(partial)header] POST https://cloudresourcemanager.googleapis.com/v1/projects/wctlab-77e98:testIamPermissions  x-goog-user-project=wctlab-77e98
[debug] [2026-08-14T08:00:03.283Z] >>> [apiv2][body] POST https://cloudresourcemanager.googleapis.com/v1/projects/wctlab-77e98:testIamPermissions {"permissions":["datastore.indexes.create","datastore.indexes.delete","datastore.indexes.list","datastore.indexes.update","firebase.projects.get"]}
[debug] [2026-08-14T08:00:04.800Z] <<< [apiv2][status] POST https://cloudresourcemanager.googleapis.com/v1/projects/wctlab-77e98:testIamPermissions 200
[debug] [2026-08-14T08:00:04.801Z] <<< [apiv2][body] POST https://cloudresourcemanager.googleapis.com/v1/projects/wctlab-77e98:testIamPermissions {"permissions":["datastore.indexes.create","datastore.indexes.delete","datastore.indexes.list","datastore.indexes.update","firebase.projects.get"]}
[info] 
[info] === Deploying to 'wctlab-77e98'...
[info] 
[info] i  deploying firestore 
[info] i  firestore: ensuring required API firestore.googleapis.com is enabled... 
[debug] [2026-08-14T08:00:04.804Z] Checked if tokens are valid: true, expires at: 1786698002269
[debug] [2026-08-14T08:00:04.804Z] Checked if tokens are valid: true, expires at: 1786698002269
[debug] [2026-08-14T08:00:04.804Z] >>> [apiv2][query] GET https://serviceusage.googleapis.com/v1/projects/wctlab-77e98/services/firestore.googleapis.com [none]
[debug] [2026-08-14T08:00:04.804Z] >>> [apiv2][(partial)header] GET https://serviceusage.googleapis.com/v1/projects/wctlab-77e98/services/firestore.googleapis.com  x-goog-user-project=wctlab-77e98
[debug] [2026-08-14T08:00:06.744Z] <<< [apiv2][status] GET https://serviceusage.googleapis.com/v1/projects/wctlab-77e98/services/firestore.googleapis.com 200
[debug] [2026-08-14T08:00:06.744Z] <<< [apiv2][body] GET https://serviceusage.googleapis.com/v1/projects/wctlab-77e98/services/firestore.googleapis.com [omitted]
[info] +  firestore: required API firestore.googleapis.com is enabled 
[info] i  firestore: ensuring required API firestore.googleapis.com is enabled... 
[debug] [2026-08-14T08:00:06.767Z] Checked if tokens are valid: true, expires at: 1786698002269
[debug] [2026-08-14T08:00:06.768Z] Checked if tokens are valid: true, expires at: 1786698002269
[debug] [2026-08-14T08:00:06.768Z] >>> [apiv2][query] GET https://firestore.googleapis.com/v1/projects/wctlab-77e98/databases/(default) [none]
[debug] [2026-08-14T08:00:07.469Z] <<< [apiv2][status] GET https://firestore.googleapis.com/v1/projects/wctlab-77e98/databases/(default) 200
[debug] [2026-08-14T08:00:07.470Z] <<< [apiv2][body] GET https://firestore.googleapis.com/v1/projects/wctlab-77e98/databases/(default) {"name":"projects/wctlab-77e98/databases/(default)","uid":"7ee170bf-7486-45be-8a18-4a511185b81a","createTime":"2026-07-30T08:10:44.823021Z","updateTime":"2026-07-30T08:10:44.823021Z","locationId":"asia-southeast1","type":"FIRESTORE_NATIVE","concurrencyMode":"PESSIMISTIC","versionRetentionPeriod":"3600s","earliestVersionTime":"2026-08-14T07:00:07.817741Z","appEngineIntegrationMode":"DISABLED","keyPrefix":"zas","pointInTimeRecoveryEnablement":"POINT_IN_TIME_RECOVERY_DISABLED","deleteProtectionState":"DELETE_PROTECTION_DISABLED","databaseEdition":"STANDARD","freeTier":true,"realtimeUpdatesMode":"REALTIME_UPDATES_MODE_ENABLED","etag":"IOaMgKzTn5YDMJvC7JDi+pUD"}
[info] i  cloud.firestore: checking firestore.rules for compilation errors... 
[debug] [2026-08-14T08:00:07.471Z] Checked if tokens are valid: true, expires at: 1786698002269
[debug] [2026-08-14T08:00:07.471Z] Checked if tokens are valid: true, expires at: 1786698002269
[debug] [2026-08-14T08:00:07.471Z] >>> [apiv2][query] POST https://firebaserules.googleapis.com/v1/projects/wctlab-77e98:test [none]
[debug] [2026-08-14T08:00:07.471Z] >>> [apiv2][body] POST https://firebaserules.googleapis.com/v1/projects/wctlab-77e98:test [omitted]
[debug] [2026-08-14T08:00:09.144Z] <<< [apiv2][status] POST https://firebaserules.googleapis.com/v1/projects/wctlab-77e98:test 200
[debug] [2026-08-14T08:00:09.144Z] <<< [apiv2][body] POST https://firebaserules.googleapis.com/v1/projects/wctlab-77e98:test {}
[info] +  cloud.firestore: rules file firestore.rules compiled successfully 
[debug] [2026-08-14T08:00:09.145Z] Checked if tokens are valid: true, expires at: 1786698002269
[debug] [2026-08-14T08:00:09.145Z] Checked if tokens are valid: true, expires at: 1786698002269
[debug] [2026-08-14T08:00:09.145Z] >>> [apiv2][query] GET https://firebaserules.googleapis.com/v1/projects/wctlab-77e98/releases pageSize=10&pageToken=
[debug] [2026-08-14T08:00:10.773Z] <<< [apiv2][status] GET https://firebaserules.googleapis.com/v1/projects/wctlab-77e98/releases 200
[debug] [2026-08-14T08:00:10.773Z] <<< [apiv2][body] GET https://firebaserules.googleapis.com/v1/projects/wctlab-77e98/releases {"releases":[{"name":"projects/wctlab-77e98/releases/cloud.firestore","rulesetName":"projects/wctlab-77e98/rulesets/49e67f61-65a1-46f8-b288-544b15bdedef","createTime":"2026-07-30T08:10:49.935677Z","updateTime":"2026-07-30T08:24:27.184914Z"}]}
[debug] [2026-08-14T08:00:10.774Z] Checked if tokens are valid: true, expires at: 1786698002269
[debug] [2026-08-14T08:00:10.774Z] Checked if tokens are valid: true, expires at: 1786698002269
[debug] [2026-08-14T08:00:10.774Z] >>> [apiv2][query] GET https://firebaserules.googleapis.com/v1/projects/wctlab-77e98/rulesets/49e67f61-65a1-46f8-b288-544b15bdedef [none]
[debug] [2026-08-14T08:00:11.449Z] <<< [apiv2][status] GET https://firebaserules.googleapis.com/v1/projects/wctlab-77e98/rulesets/49e67f61-65a1-46f8-b288-544b15bdedef 200
[debug] [2026-08-14T08:00:11.449Z] <<< [apiv2][body] GET https://firebaserules.googleapis.com/v1/projects/wctlab-77e98/rulesets/49e67f61-65a1-46f8-b288-544b15bdedef [omitted]
[info] i  firestore: uploading rules firestore.rules... 
[debug] [2026-08-14T08:00:11.450Z] Checked if tokens are valid: true, expires at: 1786698002269
[debug] [2026-08-14T08:00:11.450Z] Checked if tokens are valid: true, expires at: 1786698002269
[debug] [2026-08-14T08:00:11.450Z] >>> [apiv2][query] POST https://firebaserules.googleapis.com/v1/projects/wctlab-77e98/rulesets [none]
[debug] [2026-08-14T08:00:11.450Z] >>> [apiv2][body] POST https://firebaserules.googleapis.com/v1/projects/wctlab-77e98/rulesets [omitted]
[debug] [2026-08-14T08:00:12.984Z] <<< [apiv2][status] POST https://firebaserules.googleapis.com/v1/projects/wctlab-77e98/rulesets 200
[debug] [2026-08-14T08:00:12.984Z] <<< [apiv2][body] POST https://firebaserules.googleapis.com/v1/projects/wctlab-77e98/rulesets {"name":"projects/wctlab-77e98/rulesets/35497d1e-3b9b-4e0c-b26e-2da0d2568cf1","source":{"files":[{"content":"rules_version = '2';\n\nservice cloud.firestore {\n  match /databases/{database}/documents {\n\n    function isSignedIn() {\n      return request.auth != null;\n    }\n\n    function getRole() {\n      return get(/databases/$(database)/documents/users/$(request.auth.uid)).data.role;\n    }\n\n    function isModerator() {\n      return isSignedIn() && getRole() == \"moderator\";\n    }\n\n    match /users/{userId} {\n      allow read: if isSignedIn();\n      allow create: if isSignedIn() && request.auth.uid == userId;\n      allow update: if isModerator();\n    }\n\n    match /items/{itemId} {\n      allow read: if true;\n      // A signed-in user may only create an item attributed to their own\n      // account. This matches the `postedBy: user.uid` value in ItemForm.\n      allow create: if isSignedIn() &&\n        request.resource.data.postedBy == request.auth.uid;\n      allow update, delete: if isSignedIn() &&\n        (resource.data.postedBy == request.auth.uid || isModerator());\n    }\n  }\n}\n","name":"firestore.rules"}]},"createTime":"2026-08-14T08:00:13.164031Z","metadata":{"services":["cloud.firestore"]}}
[debug] [2026-08-14T08:00:12.984Z] [rules] created ruleset projects/wctlab-77e98/rulesets/35497d1e-3b9b-4e0c-b26e-2da0d2568cf1
[debug] [2026-08-14T08:00:12.985Z] [rules] releasing cloud.firestore with ruleset projects/wctlab-77e98/rulesets/35497d1e-3b9b-4e0c-b26e-2da0d2568cf1
[debug] [2026-08-14T08:00:12.985Z] Checked if tokens are valid: true, expires at: 1786698002269
[debug] [2026-08-14T08:00:12.985Z] Checked if tokens are valid: true, expires at: 1786698002269
[debug] [2026-08-14T08:00:12.985Z] >>> [apiv2][query] PATCH https://firebaserules.googleapis.com/v1/projects/wctlab-77e98/releases/cloud.firestore [none]
[debug] [2026-08-14T08:00:12.985Z] >>> [apiv2][body] PATCH https://firebaserules.googleapis.com/v1/projects/wctlab-77e98/releases/cloud.firestore {"release":{"name":"projects/wctlab-77e98/releases/cloud.firestore","rulesetName":"projects/wctlab-77e98/rulesets/35497d1e-3b9b-4e0c-b26e-2da0d2568cf1"}}
[debug] [2026-08-14T08:00:14.518Z] <<< [apiv2][status] PATCH https://firebaserules.googleapis.com/v1/projects/wctlab-77e98/releases/cloud.firestore 200
[debug] [2026-08-14T08:00:14.519Z] <<< [apiv2][body] PATCH https://firebaserules.googleapis.com/v1/projects/wctlab-77e98/releases/cloud.firestore {"name":"projects/wctlab-77e98/releases/cloud.firestore","rulesetName":"projects/wctlab-77e98/rulesets/35497d1e-3b9b-4e0c-b26e-2da0d2568cf1","createTime":"2026-07-30T08:10:49.935677Z","updateTime":"2026-08-14T08:00:14.709613Z"}
[debug] [2026-08-14T08:00:14.519Z] [rules] updated release projects/wctlab-77e98/releases/cloud.firestore
[info] +  firestore: released rules firestore.rules to cloud.firestore 
[info] 
[info] +  Deploy complete! 
[info] 
[info] Project Console: https://console.firebase.google.com/project/wctlab-77e98/overview
